// Jest Snapshot v1, https://goo.gl/fbAQLP

exports[`ListItem should match the snapshot when a simple textual child is given 1`] = `"Economy"`;
