// Jest Snapshot v1, https://goo.gl/fbAQLP

exports[`ChevronDown should render 1`] = `
<svg
  className="my-favourite-icon"
  height="36px"
  viewBox="0 0 24 24"
  width="36px"
  xmlns="http://www.w3.org/2000/svg"
  xmlnsXlink="http://www.w3.org/1999/xlink"
>
  <defs>
    <path
      d="M2.12 1.29L6 5.17l3.88-3.88a.996.996 0 1 1 1.41 1.41L6.7 7.29a.996.996 0 0 1-1.41 0L.7 2.7a.996.996 0 0 1 0-1.41c.39-.38 1.03-.39 1.42 0z"
      id="1a2b3c"
    />
  </defs>
  <g
    fillRule="evenodd"
    transform="translate(6 8)"
  >
    <mask
      id="1a2b3c"
    >
      <use
        xlinkHref="#1a2b3c"
      />
    </mask>
    <use
      fillRule="nonzero"
      xlinkHref="#1a2b3c"
    />
    <g
      mask="url(#1a2b3c)"
    >
      <path
        d="M0 0h12v8H0z"
      />
    </g>
  </g>
</svg>
`;
