// Jest Snapshot v1, https://goo.gl/fbAQLP

exports[`Button should render correctly in "debug" mode 1`] = `
.emotion-0 {
  background-color: #ee0000;
  color: #fff;
  font-family: "Ciutadella",sans-serif;
  font-size: 1rem;
  width: 100%;
  height: 3.125rem;
  border-radius: 4px;
  border-width: 0;
  padding: 14px 24px 15px;
  font-weight: 700;
  line-height: 1.56;
  -webkit-letter-spacing: 0.1em;
  -moz-letter-spacing: 0.1em;
  -ms-letter-spacing: 0.1em;
  letter-spacing: 0.1em;
  text-transform: uppercase;
  cursor: pointer;
}

.emotion-0:hover {
  background-color: #ba0000;
}

.emotion-0:active {
  background-color: #ba0000;
}

.emotion-0:active {
  -webkit-transform: translate(1px,1px);
  -ms-transform: translate(1px,1px);
  transform: translate(1px,1px);
}

<div
  className={null}
>
  <button
    className="emotion-0"
    debug="true"
    type="button"
  >
    button
  </button>
</div>
`;
