// Jest Snapshot v1, https://goo.gl/fbAQLP

exports[`DayLabel renders correctly with defaults 1`] = `""`;

exports[`DayLabel renders correctly with props provided 1`] = `
.emotion-1 {
  display: -webkit-box;
  display: -webkit-flex;
  display: -ms-flexbox;
  display: flex;
  -webkit-flex-direction: row-reverse;
  -ms-flex-direction: row-reverse;
  flex-direction: row-reverse;
  -webkit-align-items: center;
  -webkit-box-align: center;
  -ms-flex-align: center;
  align-items: center;
  position: absolute;
  left: initial;
  right: 0;
  top: initial;
  bottom: -3px;
  height: 14px;
  box-sizing: border-box;
  padding-top: 0;
  padding-right: 2px;
  padding-left: 0px;
  font-size: 0.625rem;
  font-weight: 700;
  line-height: 0;
  background: #bff4f2;
}

.emotion-1::after {
  content: "";
  position: absolute;
  top: 0;
  right: initial;
  left: -5px;
  border: solid transparent;
  border-right: solid #bff4f2;
  border-left: solid transparent;
  border-width: 7px 5px 7px 0;
}

@media only screen and (min-width:768px) {
  .emotion-1 {
    height: 16px;
    font-size: 0.75rem;
    padding-right: 3px;
    padding-left: 0;
  }

  .emotion-1::after {
    right: initial;
    left: -6px;
    border-width: 8px 6px 8px 0;
  }
}

.emotion-0 {
  margin-bottom: 1px;
  fill: #323232;
  -webkit-transform: scaleX(-1);
  -ms-transform: scaleX(-1);
  transform: scaleX(-1);
}

<div
  className="emotion-1"
>
  <span>
    Label
  </span>
  <DummyIcon
    className="emotion-0"
    height="10"
    width="10"
  />
</div>
`;
