// Jest Snapshot v1, https://goo.gl/fbAQLP

exports[`CrossIcon should render 1`] = `
<svg
  className="my-favourite-icon"
  focusable="false"
  height="36px"
  viewBox="-0.5 -0.5 24 24"
  width="36px"
>
  <defs>
    <path
      d="M12.893.302a.996.996 0 0 0-1.41 0l-4.89 4.88-4.89-4.89a.996.996 0 1 0-1.41 1.41l4.89 4.89-4.89 4.89a.996.996 0 1 0 1.41 1.41l4.89-4.89 4.89 4.89a.996.996 0 1 0 1.41-1.41l-4.89-4.89 4.89-4.89c.38-.38.38-1.02 0-1.4z"
      id="1a2b3c"
    />
  </defs>
  <g
    fillRule="evenodd"
    transform="translate(5 5)"
  >
    <mask
      id="1a2b3c"
    >
      <use
        xlinkHref="#1a2b3c"
      />
    </mask>
    <use
      fillRule="nonzero"
      xlinkHref="#1a2b3c"
    />
    <g
      mask="url(#1a2b3c)"
    >
      <path
        d="M-5-5h24v24H-5z"
      />
    </g>
  </g>
</svg>
`;
